
> hendersonlandscapingservices-site@2.0.0 build
> vite build

[36mvite v5.4.21 [32mbuilding for production...[36m[39m
transforming...
[32mÔ£ô[39m 4 modules transformed.
x Build failed in 967ms
error during build:
[vite:esbuild] Transform failed with 3 errors:
C:/Users/isobe/OneDrive/hendersonlandscapingservices_site_v2/src/App.jsx:788:10: ERROR: Unexpected closing "p" tag does not match opening "div" tag
C:/Users/isobe/OneDrive/hendersonlandscapingservices_site_v2/src/App.jsx:795:8: ERROR: Unexpected closing "div" tag does not match opening "section" tag
C:/Users/isobe/OneDrive/hendersonlandscapingservices_site_v2/src/App.jsx:796:14: ERROR: Unterminated regular expression
file: C:/Users/isobe/OneDrive/hendersonlandscapingservices_site_v2/src/App.jsx:788:10

Unexpected closing "p" tag does not match opening "div" tag
786|            quotes are always confirmed after a quick visit or photos of your
787|            garden.
788|          </p>
   |            ^
789|          <p className="mt-2 text-[11px] text-slate-500">
790|            Don&apos;t see a service you need? Please ask - we aim to be a

Unexpected closing "div" tag does not match opening "section" tag
793|            able to point you in the right place.
794|          </p>
795|        </div>
   |          ^
796|      </section>
797|    );

Unterminated regular expression
794|          </p>
795|        </div>
796|      </section>
   |                ^
797|    );
798|  }

    at failureErrorWithLog (C:\Users\isobe\OneDrive\hendersonlandscapingservices_site_v2\node_modules\esbuild\lib\main.js:1472:15)
    at C:\Users\isobe\OneDrive\hendersonlandscapingservices_site_v2\node_modules\esbuild\lib\main.js:755:50
    at responseCallbacks.<computed> (C:\Users\isobe\OneDrive\hendersonlandscapingservices_site_v2\node_modules\esbuild\lib\main.js:622:9)
    at handleIncomingPacket (C:\Users\isobe\OneDrive\hendersonlandscapingservices_site_v2\node_modules\esbuild\lib\main.js:677:12)
    at Socket.readFromStdout (C:\Users\isobe\OneDrive\hendersonlandscapingservices_site_v2\node_modules\esbuild\lib\main.js:600:7)
    at Socket.emit (node:events:508:28)
    at addChunk (node:internal/streams/readable:559:12)
    at readableAddChunkPushByteMode (node:internal/streams/readable:510:3)
    at Readable.push (node:internal/streams/readable:390:5)
    at Pipe.onStreamRead (node:internal/stream_base_commons:189:23)
